Archive member included to satisfy reference by file (symbol)

/Applications/STM32CubeIDE.app/Contents/Eclipse/plugins/com.st.stm32cube.ide.mcu.externaltools.gnu-tools-for-stm32.13.3.rel1.macos64_1.0.0.202411102158/tools/bin/../lib/gcc/arm-none-eabi/13.3.1/../../../../arm-none-eabi/lib/thumb/v7e-m+fp/hard/libc_nano.a(libc_a-exit.o)
                              /Applications/STM32CubeIDE.app/Contents/Eclipse/plugins/com.st.stm32cube.ide.mcu.externaltools.gnu-tools-for-stm32.13.3.rel1.macos64_1.0.0.202411102158/tools/bin/../lib/gcc/arm-none-eabi/13.3.1/../../../../arm-none-eabi/lib/thumb/v7e-m+fp/hard/crt0.o (exit)
/Applications/STM32CubeIDE.app/Contents/Eclipse/plugins/com.st.stm32cube.ide.mcu.externaltools.gnu-tools-for-stm32.13.3.rel1.macos64_1.0.0.202411102158/tools/bin/../lib/gcc/arm-none-eabi/13.3.1/../../../../arm-none-eabi/lib/thumb/v7e-m+fp/hard/libc_nano.a(libc_a-findfp.o)
                              /Applications/STM32CubeIDE.app/Contents/Eclipse/plugins/com.st.stm32cube.ide.mcu.externaltools.gnu-tools-for-stm32.13.3.rel1.macos64_1.0.0.202411102158/tools/bin/../lib/gcc/arm-none-eabi/13.3.1/../../../../arm-none-eabi/lib/thumb/v7e-m+fp/hard/libc_nano.a(libc_a-exit.o) (__stdio_exit_handler)
/Applications/STM32CubeIDE.app/Contents/Eclipse/plugins/com.st.stm32cube.ide.mcu.externaltools.gnu-tools-for-stm32.13.3.rel1.macos64_1.0.0.202411102158/tools/bin/../lib/gcc/arm-none-eabi/13.3.1/../../../../arm-none-eabi/lib/thumb/v7e-m+fp/hard/libc_nano.a(libc_a-fwalk.o)
                              /Applications/STM32CubeIDE.app/Contents/Eclipse/plugins/com.st.stm32cube.ide.mcu.externaltools.gnu-tools-for-stm32.13.3.rel1.macos64_1.0.0.202411102158/tools/bin/../lib/gcc/arm-none-eabi/13.3.1/../../../../arm-none-eabi/lib/thumb/v7e-m+fp/hard/libc_nano.a(libc_a-findfp.o) (_fwalk_sglue)
/Applications/STM32CubeIDE.app/Contents/Eclipse/plugins/com.st.stm32cube.ide.mcu.externaltools.gnu-tools-for-stm32.13.3.rel1.macos64_1.0.0.202411102158/tools/bin/../lib/gcc/arm-none-eabi/13.3.1/../../../../arm-none-eabi/lib/thumb/v7e-m+fp/hard/libc_nano.a(libc_a-memset.o)
                              /Applications/STM32CubeIDE.app/Contents/Eclipse/plugins/com.st.stm32cube.ide.mcu.externaltools.gnu-tools-for-stm32.13.3.rel1.macos64_1.0.0.202411102158/tools/bin/../lib/gcc/arm-none-eabi/13.3.1/../../../../arm-none-eabi/lib/thumb/v7e-m+fp/hard/crt0.o (memset)
/Applications/STM32CubeIDE.app/Contents/Eclipse/plugins/com.st.stm32cube.ide.mcu.externaltools.gnu-tools-for-stm32.13.3.rel1.macos64_1.0.0.202411102158/tools/bin/../lib/gcc/arm-none-eabi/13.3.1/../../../../arm-none-eabi/lib/thumb/v7e-m+fp/hard/libc_nano.a(libc_a-errno.o)
                              ./Src/syscalls.o (__errno)
/Applications/STM32CubeIDE.app/Contents/Eclipse/plugins/com.st.stm32cube.ide.mcu.externaltools.gnu-tools-for-stm32.13.3.rel1.macos64_1.0.0.202411102158/tools/bin/../lib/gcc/arm-none-eabi/13.3.1/../../../../arm-none-eabi/lib/thumb/v7e-m+fp/hard/libc_nano.a(libc_a-init.o)
                              /Applications/STM32CubeIDE.app/Contents/Eclipse/plugins/com.st.stm32cube.ide.mcu.externaltools.gnu-tools-for-stm32.13.3.rel1.macos64_1.0.0.202411102158/tools/bin/../lib/gcc/arm-none-eabi/13.3.1/../../../../arm-none-eabi/lib/thumb/v7e-m+fp/hard/crt0.o (__libc_init_array)
/Applications/STM32CubeIDE.app/Contents/Eclipse/plugins/com.st.stm32cube.ide.mcu.externaltools.gnu-tools-for-stm32.13.3.rel1.macos64_1.0.0.202411102158/tools/bin/../lib/gcc/arm-none-eabi/13.3.1/../../../../arm-none-eabi/lib/thumb/v7e-m+fp/hard/libc_nano.a(libc_a-lock.o)
                              /Applications/STM32CubeIDE.app/Contents/Eclipse/plugins/com.st.stm32cube.ide.mcu.externaltools.gnu-tools-for-stm32.13.3.rel1.macos64_1.0.0.202411102158/tools/bin/../lib/gcc/arm-none-eabi/13.3.1/../../../../arm-none-eabi/lib/thumb/v7e-m+fp/hard/libc_nano.a(libc_a-findfp.o) (__retarget_lock_init_recursive)
/Applications/STM32CubeIDE.app/Contents/Eclipse/plugins/com.st.stm32cube.ide.mcu.externaltools.gnu-tools-for-stm32.13.3.rel1.macos64_1.0.0.202411102158/tools/bin/../lib/gcc/arm-none-eabi/13.3.1/../../../../arm-none-eabi/lib/thumb/v7e-m+fp/hard/libc_nano.a(libc_a-impure.o)
                              /Applications/STM32CubeIDE.app/Contents/Eclipse/plugins/com.st.stm32cube.ide.mcu.externaltools.gnu-tools-for-stm32.13.3.rel1.macos64_1.0.0.202411102158/tools/bin/../lib/gcc/arm-none-eabi/13.3.1/../../../../arm-none-eabi/lib/thumb/v7e-m+fp/hard/libc_nano.a(libc_a-errno.o) (_impure_ptr)
/Applications/STM32CubeIDE.app/Contents/Eclipse/plugins/com.st.stm32cube.ide.mcu.externaltools.gnu-tools-for-stm32.13.3.rel1.macos64_1.0.0.202411102158/tools/bin/../lib/gcc/arm-none-eabi/13.3.1/../../../../arm-none-eabi/lib/thumb/v7e-m+fp/hard/libc_nano.a(libc_a-strlen.o)
                              ./Src/main.o (strlen)
[...]
Memory Configuration

Name             Origin             Length             Attributes
RAM              0x20000000         0x00020000         xrw
FLASH            0x08000000         0x00080000         xr
*default*        0x00000000         0xffffffff

Linker script and memory map

LOAD /Applications/STM32CubeIDE.app/Contents/Eclipse/plugins/com.st.stm32cube.ide.mcu.externaltools.gnu-tools-for-stm32.13.3.rel1.macos64_1.0.0.202411102158/tools/bin/../lib/gcc/arm-none-eabi/13.3.1/thumb/v7e-m+fp/hard/crti.o
LOAD /Applications/STM32CubeIDE.app/Contents/Eclipse/plugins/com.st.stm32cube.ide.mcu.externaltools.gnu-tools-for-stm32.13.3.rel1.macos64_1.0.0.202411102158/tools/bin/../lib/gcc/arm-none-eabi/13.3.1/thumb/v7e-m+fp/hard/crtbegin.o
LOAD /Applications/STM32CubeIDE.app/Contents/Eclipse/plugins/com.st.stm32cube.ide.mcu.externaltools.gnu-tools-for-stm32.13.3.rel1.macos64_1.0.0.202411102158/tools/bin/../lib/gcc/arm-none-eabi/13.3.1/../../../../arm-none-eabi/lib/thumb/v7e-m+fp/hard/crt0.o
LOAD ./Src/fpu.o
LOAD ./Src/main.o
LOAD ./Src/stm32f446re_it.o
LOAD ./Src/syscalls.o
LOAD ./Src/sysmem.o
LOAD ./Src/timebase.o
LOAD ./Src/usart.o
LOAD ./Startup/startup_stm32f446retx.o
START GROUP
LOAD /Applications/STM32CubeIDE.app/Contents/Eclipse/plugins/com.st.stm32cube.ide.mcu.externaltools.gnu-tools-for-stm32.13.3.rel1.macos64_1.0.0.202411102158/tools/bin/../lib/gcc/arm-none-eabi/13.3.1/../../../../arm-none-eabi/lib/thumb/v7e-m+fp/hard/libc_nano.a
LOAD /Applications/STM32CubeIDE.app/Contents/Eclipse/plugins/com.st.stm32cube.ide.mcu.externaltools.gnu-tools-for-stm32.13.3.rel1.macos64_1.0.0.202411102158/tools/bin/../lib/gcc/arm-none-eabi/13.3.1/../../../../arm-none-eabi/lib/thumb/v7e-m+fp/hard/libm.a
END GROUP
START GROUP
LOAD /Applications/STM32CubeIDE.app/Contents/Eclipse/plugins/com.st.stm32cube.ide.mcu.externaltools.gnu-tools-for-stm32.13.3.rel1.macos64_1.0.0.202411102158/tools/bin/../lib/gcc/arm-none-eabi/13.3.1/thumb/v7e-m+fp/hard/libgcc.a
LOAD /Applications/STM32CubeIDE.app/Contents/Eclipse/plugins/com.st.stm32cube.ide.mcu.externaltools.gnu-tools-for-stm32.13.3.rel1.macos64_1.0.0.202411102158/tools/bin/../lib/gcc/arm-none-eabi/13.3.1/../../../../arm-none-eabi/lib/thumb/v7e-m+fp/hard/libc_nano.a
END GROUP
START GROUP
LOAD /Applications/STM32CubeIDE.app/Contents/Eclipse/plugins/com.st.stm32cube.ide.mcu.externaltools.gnu-tools-for-stm32.13.3.rel1.macos64_1.0.0.202411102158/tools/bin/../lib/gcc/arm-none-eabi/13.3.1/thumb/v7e-m+fp/hard/libgcc.a
LOAD /Applications/STM32CubeIDE.app/Contents/Eclipse/plugins/com.st.stm32cube.ide.mcu.externaltools.gnu-tools-for-stm32.13.3.rel1.macos64_1.0.0.202411102158/tools/bin/../lib/gcc/arm-none-eabi/13.3.1/../../../../arm-none-eabi/lib/thumb/v7e-m+fp/hard/libc_nano.a
LOAD /Applications/STM32CubeIDE.app/Contents/Eclipse/plugins/com.st.stm32cube.ide.mcu.externaltools.gnu-tools-for-stm32.13.3.rel1.macos64_1.0.0.202411102158/tools/bin/../lib/gcc/arm-none-eabi/13.3.1/../../../../arm-none-eabi/lib/thumb/v7e-m+fp/hard/libnosys.a
END GROUP
START GROUP
LOAD /Applications/STM32CubeIDE.app/Contents/Eclipse/plugins/com.st.stm32cube.ide.mcu.externaltools.gnu-tools-for-stm32.13.3.rel1.macos64_1.0.0.202411102158/tools/bin/../lib/gcc/arm-none-eabi/13.3.1/thumb/v7e-m+fp/hard/libgcc.a
LOAD /Applications/STM32CubeIDE.app/Contents/Eclipse/plugins/com.st.stm32cube.ide.mcu.externaltools.gnu-tools-for-stm32.13.3.rel1.macos64_1.0.0.202411102158/tools/bin/../lib/gcc/arm-none-eabi/13.3.1/../../../../arm-none-eabi/lib/thumb/v7e-m+fp/hard/libc_nano.a
LOAD /Applications/STM32CubeIDE.app/Contents/Eclipse/plugins/com.st.stm32cube.ide.mcu.externaltools.gnu-tools-for-stm32.13.3.rel1.macos64_1.0.0.202411102158/tools/bin/../lib/gcc/arm-none-eabi/13.3.1/../../../../arm-none-eabi/lib/thumb/v7e-m+fp/hard/libnosys.a
END GROUP
LOAD /Applications/STM32CubeIDE.app/Contents/Eclipse/plugins/com.st.stm32cube.ide.mcu.externaltools.gnu-tools-for-stm32.13.3.rel1.macos64_1.0.0.202411102158/tools/bin/../lib/gcc/arm-none-eabi/13.3.1/thumb/v7e-m+fp/hard/crtend.o
LOAD /Applications/STM32CubeIDE.app/Contents/Eclipse/plugins/com.st.stm32cube.ide.mcu.externaltools.gnu-tools-for-stm32.13.3.rel1.macos64_1.0.0.202411102158/tools/bin/../lib/gcc/arm-none-eabi/13.3.1/thumb/v7e-m+fp/hard/crtn.o
                0x20020000                        _estack = (ORIGIN (RAM) + LENGTH (RAM))
                0x00000200                        _Min_Heap_Size = 0x200
                0x00000400                        _Min_Stack_Size = 0x400

.isr_vector     0x08000000      0x1c4
                0x08000000                        . = ALIGN (0x4)
 *(.isr_vector)
 .isr_vector    0x08000000      0x1c4 ./Startup/startup_stm32f446retx.o
                0x08000000                g_pfnVectors
                0x080001c4                        . = ALIGN (0x4)

.text           0x080001c4      0x374
                0x080001c4                        . = ALIGN (0x4)
 *(.text)
 .text          0x080001c4       0x40 /Applications/STM32CubeIDE.app/Contents/Eclipse/plugins/com.st.stm32cube.ide.mcu.externaltools.gnu-tools-for-stm32.13.3.rel1.macos64_1.0.0.202411102158/tools/bin/../lib/gcc/arm-none-eabi/13.3.1/thumb/v7e-m+fp/hard/crtbegin.o
 .text          0x08000204       0x10 /Applications/STM32CubeIDE.app/Contents/Eclipse/plugins/com.st.stm32cube.ide.mcu.externaltools.gnu-tools-for-stm32.13.3.rel1.macos64_1.0.0.202411102158/tools/bin/../lib/gcc/arm-none-eabi/13.3.1/../../../../arm-none-eabi/lib/thumb/v7e-m+fp/hard/libc_nano.a(libc_a-strlen.o)
                0x08000204                strlen
 *(.text*)
 .text.fpu_enable
                0x08000214       0x24 ./Src/fpu.o
                0x08000214                fpu_enable
 .text.main     0x08000238       0x3c ./Src/main.o
                0x08000238                main
 .text.SysTick_Handler
                0x08000274        0xc ./Src/main.o
                0x08000274                SysTick_Handler
 .text.timebase_init
                0x08000280       0x48 ./Src/timebase.o
                0x08000280                timebase_init
 .text.tick_increement
                0x080002c8       0x24 ./Src/timebase.o
                0x080002c8                tick_increement
 .text.get_ticks
                0x080002ec       0x18 ./Src/timebase.o
                0x080002ec                get_ticks
 .text.delay    0x08000304       0x2a ./Src/timebase.o
                0x08000304                delay
 *fill*         0x0800032e        0x2 
 .text.usart2_init
                0x08000330       0xf8 ./Src/usart.o
                0x08000330                usart2_init
 .text.usart2_transmit
                0x08000428       0x5a ./Src/usart.o
                0x08000428                usart2_transmit
 *fill*         0x08000482        0x2 
 .text.Reset_Handler
                0x08000484       0x50 ./Startup/startup_stm32f446retx.o
                0x08000484                Reset_Handler
 .text.Default_Handler
                0x080004d4        0x2 ./Startup/startup_stm32f446retx.o
                0x080004d4                DMA1_Stream3_IRQHandler
                0x080004d4                EXTI2_IRQHandler
                0x080004d4                TIM8_CC_IRQHandler
                0x080004d4                SPDIF_Rx_IRQHandler
                0x080004d4                DebugMon_Handler
                0x080004d4                SPI4_IRQHandler
                0x080004d4                TIM1_CC_IRQHandler
                0x080004d4                QuadSPI_IRQHandler
                0x080004d4                DMA2_Stream5_IRQHandler
                0x080004d4                HardFault_Handler
                0x080004d4                DMA1_Stream5_IRQHandler
                0x080004d4                PVD_IRQHandler
                0x080004d4                SDIO_IRQHandler
                0x080004d4                TAMP_STAMP_IRQHandler
                0x080004d4                PendSV_Handler
                0x080004d4                NMI_Handler
                0x080004d4                CAN2_RX1_IRQHandler
                0x080004d4                EXTI3_IRQHandler
                0x080004d4                TIM8_TRG_COM_TIM14_IRQHandler
                0x080004d4                TIM1_UP_TIM10_IRQHandler
                0x080004d4                FMPI2C1_error_IRQHandler
                0x080004d4                TIM8_UP_TIM13_IRQHandler
                0x080004d4                I2C3_ER_IRQHandler
                0x080004d4                EXTI0_IRQHandler
                0x080004d4                I2C2_EV_IRQHandler
                0x080004d4                DMA1_Stream2_IRQHandler
                0x080004d4                CAN1_RX0_IRQHandler
                0x080004d4                OTG_HS_WKUP_IRQHandler
                0x080004d4                UsageFault_Handler
                0x080004d4                CAN2_SCE_IRQHandler
                0x080004d4                DMA2_Stream2_IRQHandler
                0x080004d4                SPI1_IRQHandler
                0x080004d4                TIM6_DAC_IRQHandler
                0x080004d4                TIM1_BRK_TIM9_IRQHandler
                0x080004d4                DCMI_IRQHandler
                0x080004d4                CAN2_RX0_IRQHandler
                0x080004d4                DMA2_Stream3_IRQHandler
                0x080004d4                FMPI2C1_IRQHandler
                0x080004d4                SAI2_IRQHandler
                0x080004d4                USART6_IRQHandler
                0x080004d4                USART3_IRQHandler
                0x080004d4                CAN1_RX1_IRQHandler
                0x080004d4                UART5_IRQHandler
                0x080004d4                DMA2_Stream0_IRQHandler
                0x080004d4                TIM4_IRQHandler
                0x080004d4                I2C1_EV_IRQHandler
                0x080004d4                HDMI_CEC_IRQHandler
                0x080004d4                DMA1_Stream6_IRQHandler
                0x080004d4                DMA1_Stream1_IRQHandler
                0x080004d4                UART4_IRQHandler
                0x080004d4                TIM3_IRQHandler
                0x080004d4                RCC_IRQHandler
                0x080004d4                TIM8_BRK_TIM12_IRQHandler
                0x080004d4                Default_Handler
                0x080004d4                EXTI15_10_IRQHandler
                0x080004d4                ADC_IRQHandler
                0x080004d4                DMA1_Stream7_IRQHandler
                0x080004d4                TIM7_IRQHandler
                0x080004d4                CAN2_TX_IRQHandler
                0x080004d4                TIM5_IRQHandler
                0x080004d4                DMA2_Stream7_IRQHandler
                0x080004d4                I2C3_EV_IRQHandler
                0x080004d4                EXTI9_5_IRQHandler
                0x080004d4                RTC_WKUP_IRQHandler
                0x080004d4                SPI2_IRQHandler
                0x080004d4                OTG_HS_EP1_IN_IRQHandler
                0x080004d4                MemManage_Handler
                0x080004d4                DMA1_Stream0_IRQHandler
                0x080004d4                CAN1_TX_IRQHandler
                0x080004d4                SVC_Handler
                0x080004d4                EXTI4_IRQHandler
                0x080004d4                OTG_HS_EP1_OUT_IRQHandler
                0x080004d4                WWDG_IRQHandler
                0x080004d4                TIM2_IRQHandler
                0x080004d4                OTG_FS_WKUP_IRQHandler
                0x080004d4                TIM1_TRG_COM_TIM11_IRQHandler
                0x080004d4                OTG_HS_IRQHandler
                0x080004d4                EXTI1_IRQHandler
                0x080004d4                USART2_IRQHandler
                0x080004d4                I2C2_ER_IRQHandler
                0x080004d4                DMA2_Stream1_IRQHandler
                0x080004d4                CAN1_SCE_IRQHandler
                0x080004d4                FLASH_IRQHandler
                0x080004d4                DMA2_Stream4_IRQHandler
                0x080004d4                BusFault_Handler
                0x080004d4                USART1_IRQHandler
                0x080004d4                OTG_FS_IRQHandler
                0x080004d4                SPI3_IRQHandler
                0x080004d4                DMA1_Stream4_IRQHandler
                0x080004d4                I2C1_ER_IRQHandler
                0x080004d4                FMC_IRQHandler
                0x080004d4                DMA2_Stream6_IRQHandler
                0x080004d4                SAI1_IRQHandler
                0x080004d4                RTC_Alarm_IRQHandler
 *fill*         0x080004d6        0x2 
 .text.__libc_init_array
                0x080004d8       0x48 /Applications/STM32CubeIDE.app/Contents/Eclipse/plugins/com.st.stm32cube.ide.mcu.externaltools.gnu-tools-for-stm32.13.3.rel1.macos64_1.0.0.202411102158/tools/bin/../lib/gcc/arm-none-eabi/13.3.1/../../../../arm-none-eabi/lib/thumb/v7e-m+fp/hard/libc_nano.a(libc_a-init.o)
                0x080004d8                __libc_init_array
 *(.glue_7)
 .glue_7        0x08000520        0x0 linker stubs
 *(.glue_7t)
 .glue_7t       0x08000520        0x0 linker stubs
 *(.eh_frame)
 .eh_frame      0x08000520        0x0 /Applications/STM32CubeIDE.app/Contents/Eclipse/plugins/com.st.stm32cube.ide.mcu.externaltools.gnu-tools-for-stm32.13.3.rel1.macos64_1.0.0.202411102158/tools/bin/../lib/gcc/arm-none-eabi/13.3.1/thumb/v7e-m+fp/hard/crtbegin.o
 *(.init)
 .init          0x08000520        0x4 /Applications/STM32CubeIDE.app/Contents/Eclipse/plugins/com.st.stm32cube.ide.mcu.externaltools.gnu-tools-for-stm32.13.3.rel1.macos64_1.0.0.202411102158/tools/bin/../lib/gcc/arm-none-eabi/13.3.1/thumb/v7e-m+fp/hard/crti.o
                0x08000520                _init
 .init          0x08000524        0x8 /Applications/STM32CubeIDE.app/Contents/Eclipse/plugins/com.st.stm32cube.ide.mcu.externaltools.gnu-tools-for-stm32.13.3.rel1.macos64_1.0.0.202411102158/tools/bin/../lib/gcc/arm-none-eabi/13.3.1/thumb/v7e-m+fp/hard/crtn.o
 *(.fini)
 .fini          0x0800052c        0x4 /Applications/STM32CubeIDE.app/Contents/Eclipse/plugins/com.st.stm32cube.ide.mcu.externaltools.gnu-tools-for-stm32.13.3.rel1.macos64_1.0.0.202411102158/tools/bin/../lib/gcc/arm-none-eabi/13.3.1/thumb/v7e-m+fp/hard/crti.o
                0x0800052c                _fini
 .fini          0x08000530        0x8 /Applications/STM32CubeIDE.app/Contents/Eclipse/plugins/com.st.stm32cube.ide.mcu.externaltools.gnu-tools-for-stm32.13.3.rel1.macos64_1.0.0.202411102158/tools/bin/../lib/gcc/arm-none-eabi/13.3.1/thumb/v7e-m+fp/hard/crtn.o
                0x08000538                        . = ALIGN (0x4)
                0x08000538                        _etext = .

.vfp11_veneer   0x08000538        0x0
 .vfp11_veneer  0x08000538        0x0 linker stubs

.v4_bx          0x08000538        0x0
 .v4_bx         0x08000538        0x0 linker stubs

.iplt           0x08000538        0x0
 .iplt          0x08000538        0x0 /Applications/STM32CubeIDE.app/Contents/Eclipse/plugins/com.st.stm32cube.ide.mcu.externaltools.gnu-tools-for-stm32.13.3.rel1.macos64_1.0.0.202411102158/tools/bin/../lib/gcc/arm-none-eabi/13.3.1/thumb/v7e-m+fp/hard/crtbegin.o

.rodata         0x08000538       0x24
                0x08000538                        . = ALIGN (0x4)
 *(.rodata)
 .rodata        0x08000538       0x21 ./Src/main.o
 *(.rodata*)
                0x0800055c                        . = ALIGN (0x4)
 *fill*         0x08000559        0x3 

.ARM.extab      0x0800055c        0x0
                0x0800055c                        . = ALIGN (0x4)
 *(.ARM.extab* .gnu.linkonce.armextab.*)
                0x0800055c                        . = ALIGN (0x4)

.ARM            0x0800055c        0x8
                0x0800055c                        . = ALIGN (0x4)
                0x0800055c                        __exidx_start = .
 *(.ARM.exidx*)
 .ARM.exidx     0x0800055c        0x8 /Applications/STM32CubeIDE.app/Contents/Eclipse/plugins/com.st.stm32cube.ide.mcu.externaltools.gnu-tools-for-stm32.13.3.rel1.macos64_1.0.0.202411102158/tools/bin/../lib/gcc/arm-none-eabi/13.3.1/../../../../arm-none-eabi/lib/thumb/v7e-m+fp/hard/libc_nano.a(libc_a-strlen.o)
                0x08000564                        __exidx_end = .
                0x08000564                        . = ALIGN (0x4)

.preinit_array  0x08000564        0x0
                0x08000564                        . = ALIGN (0x4)
                0x08000564                        PROVIDE (__preinit_array_start = .)
 *(.preinit_array*)
                0x08000564                        PROVIDE (__preinit_array_end = .)
                0x08000564                        . = ALIGN (0x4)

.init_array     0x08000564        0x4
                0x08000564                        . = ALIGN (0x4)
                0x08000564                        PROVIDE (__init_array_start = .)
 *(SORT_BY_NAME(.init_array.*))
 *(.init_array*)
 .init_array    0x08000564        0x4 /Applications/STM32CubeIDE.app/Contents/Eclipse/plugins/com.st.stm32cube.ide.mcu.externaltools.gnu-tools-for-stm32.13.3.rel1.macos64_1.0.0.202411102158/tools/bin/../lib/gcc/arm-none-eabi/13.3.1/thumb/v7e-m+fp/hard/crtbegin.o
                0x08000568                        PROVIDE (__init_array_end = .)
                0x08000568                        . = ALIGN (0x4)

.fini_array     0x08000568        0x4
                0x08000568                        . = ALIGN (0x4)
                [!provide]                        PROVIDE (__fini_array_start = .)
 *(SORT_BY_NAME(.fini_array.*))
 *(.fini_array*)
 .fini_array    0x08000568        0x4 /Applications/STM32CubeIDE.app/Contents/Eclipse/plugins/com.st.stm32cube.ide.mcu.externaltools.gnu-tools-for-stm32.13.3.rel1.macos64_1.0.0.202411102158/tools/bin/../lib/gcc/arm-none-eabi/13.3.1/thumb/v7e-m+fp/hard/crtbegin.o
                [!provide]                        PROVIDE (__fini_array_end = .)
                0x0800056c                        . = ALIGN (0x4)
                0x0800056c                        _sidata = LOADADDR (.data)

.rel.dyn        0x0800056c        0x0
 .rel.iplt      0x0800056c        0x0 /Applications/STM32CubeIDE.app/Contents/Eclipse/plugins/com.st.stm32cube.ide.mcu.externaltools.gnu-tools-for-stm32.13.3.rel1.macos64_1.0.0.202411102158/tools/bin/../lib/gcc/arm-none-eabi/13.3.1/thumb/v7e-m+fp/hard/crtbegin.o

.data           0x20000000        0x4 load address 0x0800056c
                0x20000000                        . = ALIGN (0x4)
                0x20000000                        _sdata = .
 *(.data)
 *(.data*)
 .data.msg      0x20000000        0x4 ./Src/main.o
                0x20000000                msg
 *(.RamFunc)
 *(.RamFunc*)
                0x20000004                        . = ALIGN (0x4)
                0x20000004                        _edata = .

.igot.plt       0x20000004        0x0 load address 0x08000570
 .igot.plt      0x20000004        0x0 /Applications/STM32CubeIDE.app/Contents/Eclipse/plugins/com.st.stm32cube.ide.mcu.externaltools.gnu-tools-for-stm32.13.3.rel1.macos64_1.0.0.202411102158/tools/bin/../lib/gcc/arm-none-eabi/13.3.1/thumb/v7e-m+fp/hard/crtbegin.o
                0x20000004                        . = ALIGN (0x4)

.bss            0x20000004       0x20 load address 0x08000570
                0x20000004                        _sbss = .
                0x20000004                        __bss_start__ = _sbss
 *(.bss)
 .bss           0x20000004       0x1c /Applications/STM32CubeIDE.app/Contents/Eclipse/plugins/com.st.stm32cube.ide.mcu.externaltools.gnu-tools-for-stm32.13.3.rel1.macos64_1.0.0.202411102158/tools/bin/../lib/gcc/arm-none-eabi/13.3.1/thumb/v7e-m+fp/hard/crtbegin.o
 *(.bss*)
 .bss.get_current_tick
                0x20000020        0x4 ./Src/main.o
                0x20000020                get_current_tick
 *(COMMON)
                0x20000024                        . = ALIGN (0x4)
                0x20000024                        _ebss = .
                0x20000024                        __bss_end__ = _ebss

._user_heap_stack
                0x20000024      0x604 load address 0x08000570
                0x20000028                        . = ALIGN (0x8)
 *fill*         0x20000024        0x4 
                [!provide]                        PROVIDE (end = .)
                0x20000028                        PROVIDE (_end = .)
                0x20000228                        . = (. + _Min_Heap_Size)
 *fill*         0x20000028      0x200 
                0x20000628                        . = (. + _Min_Stack_Size)
 *fill*         0x20000228      0x400 
                0x20000628                        . = ALIGN (0x8)

/DISCARD/
 libc.a(*)
 libm.a(*)
 libgcc.a(*)

.ARM.attributes
                0x00000000       0x30
 *(.ARM.attributes)
 .ARM.attributes
                0x00000000       0x22 /Applications/STM32CubeIDE.app/Contents/Eclipse/plugins/com.st.stm32cube.ide.mcu.externaltools.gnu-tools-for-stm32.13.3.rel1.macos64_1.0.0.202411102158/tools/bin/../lib/gcc/arm-none-eabi/13.3.1/thumb/v7e-m+fp/hard/crti.o
 .ARM.attributes
                0x00000022       0x34 /Applications/STM32CubeIDE.app/Contents/Eclipse/plugins/com.st.stm32cube.ide.mcu.externaltools.gnu-tools-for-stm32.13.3.rel1.macos64_1.0.0.202411102158/tools/bin/../lib/gcc/arm-none-eabi/13.3.1/thumb/v7e-m+fp/hard/crtbegin.o
 .ARM.attributes
                0x00000056       0x34 ./Src/fpu.o
 .ARM.attributes
                0x0000008a       0x34 ./Src/main.o
 .ARM.attributes
                0x000000be       0x34 ./Src/timebase.o
 .ARM.attributes
                0x000000f2       0x34 ./Src/usart.o
 .ARM.attributes
                0x00000126       0x21 ./Startup/startup_stm32f446retx.o
 .ARM.attributes
                0x00000147       0x34 /Applications/STM32CubeIDE.app/Contents/Eclipse/plugins/com.st.stm32cube.ide.mcu.externaltools.gnu-tools-for-stm32.13.3.rel1.macos64_1.0.0.202411102158/tools/bin/../lib/gcc/arm-none-eabi/13.3.1/../../../../arm-none-eabi/lib/thumb/v7e-m+fp/hard/libc_nano.a(libc_a-init.o)
 .ARM.attributes
                0x0000017b       0x17 /Applications/STM32CubeIDE.app/Contents/Eclipse/plugins/com.st.stm32cube.ide.mcu.externaltools.gnu-tools-for-stm32.13.3.rel1.macos64_1.0.0.202411102158/tools/bin/../lib/gcc/arm-none-eabi/13.3.1/../../../../arm-none-eabi/lib/thumb/v7e-m+fp/hard/libc_nano.a(libc_a-strlen.o)
 .ARM.attributes
                0x00000192       0x22 /Applications/STM32CubeIDE.app/Contents/Eclipse/plugins/com.st.stm32cube.ide.mcu.externaltools.gnu-tools-for-stm32.13.3.rel1.macos64_1.0.0.202411102158/tools/bin/../lib/gcc/arm-none-eabi/13.3.1/thumb/v7e-m+fp/hard/crtn.o
OUTPUT(Bootloader_BM.elf elf32-littlearm)
LOAD linker stubs
LOAD /Applications/STM32CubeIDE.app/Contents/Eclipse/plugins/com.st.stm32cube.ide.mcu.externaltools.gnu-tools-for-stm32.13.3.rel1.macos64_1.0.0.202411102158/tools/bin/../lib/gcc/arm-none-eabi/13.3.1/../../../../arm-none-eabi/lib/thumb/v7e-m+fp/hard/libc.a
LOAD /Applications/STM32CubeIDE.app/Contents/Eclipse/plugins/com.st.stm32cube.ide.mcu.externaltools.gnu-tools-for-stm32.13.3.rel1.macos64_1.0.0.202411102158/tools/bin/../lib/gcc/arm-none-eabi/13.3.1/../../../../arm-none-eabi/lib/thumb/v7e-m+fp/hard/libm.a
LOAD /Applications/STM32CubeIDE.app/Contents/Eclipse/plugins/com.st.stm32cube.ide.mcu.externaltools.gnu-tools-for-stm32.13.3.rel1.macos64_1.0.0.202411102158/tools/bin/../lib/gcc/arm-none-eabi/13.3.1/thumb/v7e-m+fp/hard/libgcc.a

.debug_info     0x00000000      0x9f5
 .debug_info    0x00000000      0x249 ./Src/fpu.o
 .debug_info    0x00000249      0x20f ./Src/main.o
 .debug_info    0x00000458      0x1a2 ./Src/timebase.o
 .debug_info    0x000005fa      0x3cb ./Src/usart.o
 .debug_info    0x000009c5       0x30 ./Startup/startup_stm32f446retx.o

.debug_abbrev   0x00000000      0x45e
 .debug_abbrev  0x00000000       0xb6 ./Src/fpu.o
 .debug_abbrev  0x000000b6      0x147 ./Src/main.o
 .debug_abbrev  0x000001fd      0x136 ./Src/timebase.o
 .debug_abbrev  0x00000333      0x107 ./Src/usart.o
 .debug_abbrev  0x0000043a       0x24 ./Startup/startup_stm32f446retx.o

.debug_aranges  0x00000000       0xd0
 .debug_aranges
                0x00000000       0x20 ./Src/fpu.o
 .debug_aranges
                0x00000020       0x28 ./Src/main.o
 .debug_aranges
                0x00000048       0x38 ./Src/timebase.o
 .debug_aranges
                0x00000080       0x28 ./Src/usart.o
 .debug_aranges
                0x000000a8       0x28 ./Startup/startup_stm32f446retx.o

.debug_rnglists
                0x00000000       0x84
 .debug_rnglists
                0x00000000       0x13 ./Src/fpu.o
 .debug_rnglists
                0x00000013       0x19 ./Src/main.o
 .debug_rnglists
                0x0000002c       0x25 ./Src/timebase.o
 .debug_rnglists
                0x00000051       0x1a ./Src/usart.o
 .debug_rnglists
                0x0000006b       0x19 ./Startup/startup_stm32f446retx.o

.debug_macro    0x00000000    0x197f5
 .debug_macro   0x00000000       0xd8 ./Src/fpu.o
 .debug_macro   0x000000d8      0xaea ./Src/fpu.o
 .debug_macro   0x00000bc2       0x28 ./Src/fpu.o
 .debug_macro   0x00000bea       0x28 ./Src/fpu.o
 .debug_macro   0x00000c12       0x22 ./Src/fpu.o
 .debug_macro   0x00000c34       0x8e ./Src/fpu.o
 .debug_macro   0x00000cc2       0x51 ./Src/fpu.o
 .debug_macro   0x00000d13      0x103 ./Src/fpu.o
 .debug_macro   0x00000e16       0x6a ./Src/fpu.o
 .debug_macro   0x00000e80      0x1df ./Src/fpu.o
 .debug_macro   0x0000105f       0x1c ./Src/fpu.o
 .debug_macro   0x0000107b       0x22 ./Src/fpu.o
 .debug_macro   0x0000109d       0xfb ./Src/fpu.o
 .debug_macro   0x00001198     0x1011 ./Src/fpu.o
 .debug_macro   0x000021a9      0x11f ./Src/fpu.o
 .debug_macro   0x000022c8    0x1675e ./Src/fpu.o
 .debug_macro   0x00018a26       0x6d ./Src/fpu.o
 .debug_macro   0x00018a93      0x1be ./Src/main.o
 .debug_macro   0x00018c51       0x61 ./Src/main.o
 .debug_macro   0x00018cb2       0x2a ./Src/main.o
 .debug_macro   0x00018cdc       0x43 ./Src/main.o
 .debug_macro   0x00018d1f       0x34 ./Src/main.o
 .debug_macro   0x00018d53      0x190 ./Src/main.o
 .debug_macro   0x00018ee3      0x370 ./Src/main.o
 .debug_macro   0x00019253       0x16 ./Src/main.o
 .debug_macro   0x00019269       0x4a ./Src/main.o
 .debug_macro   0x000192b3       0x34 ./Src/main.o
 .debug_macro   0x000192e7       0x10 ./Src/main.o
 .debug_macro   0x000192f7       0x58 ./Src/main.o
 .debug_macro   0x0001934f       0x8e ./Src/main.o
 .debug_macro   0x000193dd       0x1c ./Src/main.o
 .debug_macro   0x000193f9      0x185 ./Src/main.o
 .debug_macro   0x0001957e       0x10 ./Src/main.o
 .debug_macro   0x0001958e       0x3c ./Src/main.o
 .debug_macro   0x000195ca       0x20 ./Src/main.o
 .debug_macro   0x000195ea       0x2e ./Src/main.o
 .debug_macro   0x00019618       0xdd ./Src/timebase.o
 .debug_macro   0x000196f5       0x28 ./Src/timebase.o
 .debug_macro   0x0001971d       0xd8 ./Src/usart.o

.debug_line     0x00000000     0x1771
 .debug_line    0x00000000      0x4e6 ./Src/fpu.o
 .debug_line    0x000004e6      0x698 ./Src/main.o
 .debug_line    0x00000b7e      0x5a1 ./Src/timebase.o
 .debug_line    0x0000111f      0x5d7 ./Src/usart.o
 .debug_line    0x000016f6       0x7b ./Startup/startup_stm32f446retx.o

.debug_str      0x00000000    0x8e8bc
 .debug_str     0x00000000    0x8e8bc ./Src/fpu.o
                              0x8b213 (size before relaxing)
 .debug_str     0x0008e8bc    0x8e856 ./Src/main.o
 .debug_str     0x0008e8bc    0x8b2ac ./Src/timebase.o
 .debug_str     0x0008e8bc    0x8b349 ./Src/usart.o
 .debug_str     0x0008e8bc       0x81 ./Startup/startup_stm32f446retx.o

.comment        0x00000000       0x43
 .comment       0x00000000       0x43 ./Src/fpu.o
                                 0x44 (size before relaxing)
 .comment       0x00000043       0x44 ./Src/main.o
 .comment       0x00000043       0x44 ./Src/timebase.o
 .comment       0x00000043       0x44 ./Src/usart.o

.debug_frame    0x00000000      0x194
 .debug_frame   0x00000000       0x30 ./Src/fpu.o
 .debug_frame   0x00000030       0x4c ./Src/main.o
 .debug_frame   0x0000007c       0x94 ./Src/timebase.o
 .debug_frame   0x00000110       0x58 ./Src/usart.o
 .debug_frame   0x00000168       0x2c /Applications/STM32CubeIDE.app/Contents/Eclipse/plugins/com.st.stm32cube.ide.mcu.externaltools.gnu-tools-for-stm32.13.3.rel1.macos64_1.0.0.202411102158/tools/bin/../lib/gcc/arm-none-eabi/13.3.1/../../../../arm-none-eabi/lib/thumb/v7e-m+fp/hard/libc_nano.a(libc_a-init.o)

.debug_line_str
                0x00000000       0x65
 .debug_line_str
                0x00000000       0x65 ./Startup/startup_stm32f446retx.o
